// Jest Snapshot v1, https://goo.gl/fbAQLP

exports[`Reducer test initial state should match a snapshot 1`] = `
Object {
  "loading": false,
  "result": Array [],
}
`;
